// Jest Snapshot v1, https://goo.gl/fbAQLP

exports[`UiJsxCanvas #747 - DOM object constructor cannot be called as a function 1`] = `
"<div style=\\"all: initial\\">
  <div
    id=\\"canvas-container\\"
    style=\\"position: absolute\\"
    data-utopia-valid-paths=\\"sb sb/scene sb/scene/app\\"
    data-utopia-root-element-path=\\"sb\\"
  >
    <div
      data-utopia-scene-id=\\"sb/scene\\"
      data-path=\\"sb/scene\\"
      style=\\"
        overflow: hidden;
        position: absolute;
        background-color: rgba(255, 255, 255, 1);
        box-shadow: 0px 0px 1px 0px rgba(26, 26, 26, 0.3);
        left: 0;
        top: 0;
        width: 375px;
        height: 812px;
      \\"
      data-uid=\\"scene\\"
    >
      <div data-uid=\\"comment-root\\" data-path=\\"5c5~~~1:comment-root\\">hat</div>
    </div>
  </div>
</div>
"
`;

exports[`UiJsxCanvas #747 - DOM object constructor cannot be called as a function 2`] = `
Object {
  "sb/scene": Object {
    "attributeMetadatada": Object {},
    "componentInstance": false,
    "computedStyle": Object {},
    "element": Object {
      "type": "RIGHT",
      "value": Object {
        "children": Array [
          Object {
            "children": Array [],
            "name": Object {
              "baseVariable": "App",
              "propertyPath": Object {
                "propertyElements": Array [],
              },
            },
            "props": Array [
              Object {
                "comments": Object {
                  "leadingComments": Array [],
                  "trailingComments": Array [],
                },
                "key": "data-uid",
                "type": "JSX_ATTRIBUTES_ENTRY",
                "value": Object {
                  "comments": Object {
                    "leadingComments": Array [],
                    "trailingComments": Array [],
                  },
                  "type": "ATTRIBUTE_VALUE",
                  "value": "app",
                },
              },
            ],
            "type": "JSX_ELEMENT",
            "uid": "app",
          },
        ],
        "name": Object {
          "baseVariable": "Scene",
          "propertyPath": Object {
            "propertyElements": Array [],
          },
        },
        "props": Array [
          Object {
            "comments": Object {
              "leadingComments": Array [],
              "trailingComments": Array [],
            },
            "key": "data-uid",
            "type": "JSX_ATTRIBUTES_ENTRY",
            "value": Object {
              "comments": Object {
                "leadingComments": Array [],
                "trailingComments": Array [],
              },
              "type": "ATTRIBUTE_VALUE",
              "value": "scene",
            },
          },
          Object {
            "comments": Object {
              "leadingComments": Array [],
              "trailingComments": Array [],
            },
            "key": "style",
            "type": "JSX_ATTRIBUTES_ENTRY",
            "value": Object {
              "comments": Object {
                "leadingComments": Array [],
                "trailingComments": Array [],
              },
              "type": "ATTRIBUTE_VALUE",
              "value": Object {
                "height": 812,
                "left": 0,
                "position": "absolute",
                "top": 0,
                "width": 375,
              },
            },
          },
        ],
        "type": "JSX_ELEMENT",
        "uid": "scene",
      },
    },
    "elementPath": Object {
      "parts": Array [
        Array [
          "sb",
          "scene",
        ],
      ],
      "type": "elementpath",
    },
    "globalFrame": null,
    "importInfo": Object {
      "type": "RIGHT",
      "value": Object {
        "originalName": "Scene",
        "path": "utopia-api",
        "variableName": "Scene",
      },
    },
    "isEmotionOrStyledComponent": false,
    "label": null,
    "localFrame": null,
    "specialSizeMeasurements": Object {
      "clientHeight": 0,
      "clientWidth": 0,
      "coordinateSystemBounds": Object {
        "height": 0,
        "width": 0,
        "x": 0,
        "y": 0,
      },
      "display": "initial",
      "flexDirection": null,
      "globalContentBox": null,
      "htmlElementName": "div",
      "immediateParentBounds": Object {
        "height": 0,
        "width": 0,
        "x": 0,
        "y": 0,
      },
      "immediateParentProvidesLayout": true,
      "layoutSystemForChildren": "flow",
      "margin": Object {},
      "naturalHeight": null,
      "naturalWidth": null,
      "offset": Object {
        "x": 0,
        "y": 0,
      },
      "padding": Object {},
      "parentFlexDirection": null,
      "parentLayoutSystem": "flow",
      "position": "static",
      "providesBoundsForChildren": false,
      "renderedChildrenCount": 0,
      "usesParentBounds": false,
    },
  },
  "sb/scene/app": Object {
    "attributeMetadatada": Object {},
    "componentInstance": false,
    "computedStyle": Object {},
    "element": Object {
      "type": "RIGHT",
      "value": Object {
        "children": Array [],
        "name": Object {
          "baseVariable": "App",
          "propertyPath": Object {
            "propertyElements": Array [],
          },
        },
        "props": Array [
          Object {
            "comments": Object {
              "leadingComments": Array [],
              "trailingComments": Array [],
            },
            "key": "data-uid",
            "type": "JSX_ATTRIBUTES_ENTRY",
            "value": Object {
              "comments": Object {
                "leadingComments": Array [],
                "trailingComments": Array [],
              },
              "type": "ATTRIBUTE_VALUE",
              "value": "app",
            },
          },
        ],
        "type": "JSX_ELEMENT",
        "uid": "app",
      },
    },
    "elementPath": Object {
      "parts": Array [
        Array [
          "sb",
          "scene",
          "app",
        ],
      ],
      "type": "elementpath",
    },
    "globalFrame": null,
    "importInfo": Object {
      "type": "LEFT",
      "value": "NOT_IMPORTED",
    },
    "isEmotionOrStyledComponent": false,
    "label": null,
    "localFrame": null,
    "specialSizeMeasurements": Object {
      "clientHeight": 0,
      "clientWidth": 0,
      "coordinateSystemBounds": Object {
        "height": 0,
        "width": 0,
        "x": 0,
        "y": 0,
      },
      "display": "initial",
      "flexDirection": null,
      "globalContentBox": null,
      "htmlElementName": "div",
      "immediateParentBounds": Object {
        "height": 0,
        "width": 0,
        "x": 0,
        "y": 0,
      },
      "immediateParentProvidesLayout": true,
      "layoutSystemForChildren": "flow",
      "margin": Object {},
      "naturalHeight": null,
      "naturalWidth": null,
      "offset": Object {
        "x": 0,
        "y": 0,
      },
      "padding": Object {},
      "parentFlexDirection": null,
      "parentLayoutSystem": "flow",
      "position": "static",
      "providesBoundsForChildren": false,
      "renderedChildrenCount": 0,
      "usesParentBounds": false,
    },
  },
}
`;
