// Jest Snapshot v1, https://goo.gl/fbAQLP

exports[`JSX parser should parse out dot-notation element names 1`] = `
Object {
  "react": Object {
    "comments": Object {
      "leadingComments": Array [],
      "trailingComments": Array [],
    },
    "importedAs": "React",
    "importedFromWithin": Array [],
    "importedWithName": null,
  },
  "utopia-api": Object {
    "comments": Object {
      "leadingComments": Array [],
      "trailingComments": Array [],
    },
    "importedAs": "Utopia",
    "importedFromWithin": Array [],
    "importedWithName": null,
  },
}
`;

exports[`JSX parser should parse out dot-notation element names 2`] = `
Array [
  Object {
    "arbitraryJSBlock": null,
    "blockOrExpression": "block",
    "comments": Object {
      "leadingComments": Array [],
      "trailingComments": Array [],
    },
    "declarationSyntax": "var",
    "isFunction": true,
    "name": "App",
    "param": Object {
      "boundParam": Object {
        "defaultExpression": null,
        "paramName": "props",
        "type": "REGULAR_PARAM",
      },
      "dotDotDotToken": false,
      "type": "PARAM",
    },
    "propsUsed": Array [],
    "returnStatementComments": Object {
      "leadingComments": Array [],
      "trailingComments": Array [],
    },
    "rootElement": Object {
      "children": Array [
        Object {
          "definedElsewhere": Array [
            "React",
            "utopiaCanvasJSXLookup",
          ],
          "elementsWithin": Object {
            "bbb": Object {
              "children": Array [],
              "name": Object {
                "baseVariable": "div",
                "propertyPath": Object {
                  "propertyElements": Array [],
                },
              },
              "props": Object {
                "data-uid": Object {
                  "type": "ATTRIBUTE_VALUE",
                  "value": "bbb",
                },
              },
              "type": "JSX_ELEMENT",
            },
          },
          "javascript": "<div data-uid='bbb' />;",
          "originalJavascript": "<div data-uid='bbb' />",
          "sourceMap": Object {
            "file": "code.tsx",
            "mappings": "OAAA",
            "names": Array [],
            "sources": Array [
              "code.tsx",
            ],
            "sourcesContent": Array [
              "import * as React from 'react'
import * as Utopia from 'utopia-api'
export var App = (props) => {
  return <Utopia.View data-uid='aaa'>{<div data-uid='bbb' />}</Utopia.View>
}
export var storyboard = (props) => {
  return (
    <Storyboard data-uid='utopia-storyboard-uid'>
      <Scene
        style={{ left: 0, top: 0, width: 400, height: 400 }}
        component={App}
        layout={{ layoutSystem: 'pinSystem' }}
        props={{ layout: { bottom: 0, left: 0, right: 0, top: 0 } }}
        data-uid='scene-aaa'
      />
    </Storyboard>
  )
}
",
            ],
            "version": 3,
          },
          "transpiledJavascript": "return utopiaCanvasJSXLookup(\\"bbb\\", {});",
          "type": "JSX_ARBITRARY_BLOCK",
          "uniqueID": "",
        },
      ],
      "name": Object {
        "baseVariable": "Utopia",
        "propertyPath": Object {
          "propertyElements": Array [
            "View",
          ],
        },
      },
      "props": Object {
        "data-uid": Object {
          "type": "ATTRIBUTE_VALUE",
          "value": "aaa",
        },
      },
      "type": "JSX_ELEMENT",
    },
    "type": "UTOPIA_JSX_COMPONENT",
    "usedInReactDOMRender": false,
  },
  Object {
    "comments": Object {
      "leadingComments": Array [],
      "trailingComments": Array [],
    },
    "definedElsewhere": Array [
      "React",
      "Storyboard",
      "Scene",
      "App",
    ],
    "definedWithin": Array [
      "storyboard",
    ],
    "javascript": "export var storyboard = props => {
  return (
    <Storyboard data-uid='utopia-storyboard-uid'>
      <Scene
      style={{ left: 0, top: 0, width: 400, height: 400 }}
      component={App}
      layout={{ layoutSystem: 'pinSystem' }}
      props={{ layout: { bottom: 0, left: 0, right: 0, top: 0 } }}
      data-uid='scene-aaa' />

    </Storyboard>);

};",
    "sourceMap": Object {
      "file": "code.tsx",
      "mappings": "AAKQA,IAAIC,UAAUC,GAAGC,SAAbF,UAAaE,CAACC,KAADD,EAAWE;AACjCC,SACEC,oBAACC,UAADD;AAAYE,gBAASC;AAArBH,KACEA,oBAACI,KAADJ;AACEK,IAAAA,KAAKC,EAAER;AAAES,MAAAA,IAAIC,EAAEC,CAARX;AAAWY,MAAAA,GAAGF,EAAEC,CAAhBX;AAAmBa,MAAAA,KAAKH,EAAEI,GAA1Bd;AAA+Be,MAAAA,MAAML,EAAEI;AAAvCd,KADTE;AAEEc,IAAAA,SAASR,EAAES,GAFbf;AAGEgB,IAAAA,MAAMV,EAAER;AAAEmB,MAAAA,YAAYT,EAAEL;AAAhBL,KAHVE;AAIEH,IAAAA,KAAKS,EAAER;AAAEkB,MAAAA,MAAMR,EAAEV;AAAEoB,QAAAA,MAAMV,EAAEC,CAAVX;AAAaS,QAAAA,IAAIC,EAAEC,CAAnBX;AAAsBqB,QAAAA,KAAKX,EAAEC,CAA7BX;AAAgCY,QAAAA,GAAGF,EAAEC;AAArCX;AAAVA,KAJTE;AAKEE,gBAASC;AALXH,IADFA,CADFD;AAWFqB,CAZO3B",
      "names": Array [
        "var",
        "storyboard",
        " ",
        "(",
        "props",
        "{",
        "return",
        "<",
        "Storyboard",
        "data",
        "'",
        "Scene",
        "style",
        "=",
        "left",
        ":",
        "0",
        "top",
        "width",
        "400",
        "height",
        "component",
        "App",
        "layout",
        "layoutSystem",
        "bottom",
        "right",
        "}",
      ],
      "sources": Array [
        "code.tsx",
      ],
      "sourcesContent": Array [
        "import * as React from 'react'
import * as Utopia from 'utopia-api'
export var App = (props) => {
  return <Utopia.View data-uid='aaa'>{<div data-uid='bbb' />}</Utopia.View>
}
export var storyboard = (props) => {
  return (
    <Storyboard data-uid='utopia-storyboard-uid'>
      <Scene
        style={{ left: 0, top: 0, width: 400, height: 400 }}
        component={App}
        layout={{ layoutSystem: 'pinSystem' }}
        props={{ layout: { bottom: 0, left: 0, right: 0, top: 0 } }}
        data-uid='scene-aaa'
      />
    </Storyboard>
  )
}
",
      ],
      "version": 3,
    },
    "transpiledJavascript": "var storyboard = function storyboard(props) {
  return React.createElement(Storyboard, {
    \\"data-uid\\": \\"utopia-storyboard-uid\\"
  }, React.createElement(Scene, {
    style: {
      left: 0,
      top: 0,
      width: 400,
      height: 400
    },
    component: App,
    layout: {
      layoutSystem: 'pinSystem'
    },
    props: {
      layout: {
        bottom: 0,
        left: 0,
        right: 0,
        top: 0
      }
    },
    \\"data-uid\\": \\"scene-aaa\\"
  }));
};
return { storyboard: storyboard };",
    "type": "ARBITRARY_JS_BLOCK",
    "uniqueID": "",
  },
]
`;
