// Jest Snapshot v1, https://goo.gl/fbAQLP

exports[`Babel transpile can transpile jsx fragment 1`] = `
Object {
  "type": "RIGHT",
  "value": Object {
    "code": "var App = function App(props) {
  return React.createElement(React.Fragment, null, React.createElement(View, {
    style: { ...props.style,
      backgroundColor: '#FFFFFF'
    },
    layout: {
      layoutSystem: 'pinSystem'
    },
    \\"data-uid\\": \\"aaa\\"
  }));
};",
    "sourceMap": Object {
      "file": "test.js",
      "mappings": "AAcEA,IAAAA,GAAAA,GAAAA,SAAAA,GAAAA,CAAAA,KAAAA,EAAAA;AACDA,SACcC,0CACJD,oBAAAA,IAAAA;AACJA,IAAAA,KAAAA,EAAAA,EAAAA,GAAAA,KAAAA,CAAAA,KAAAA;AAAAA,MAAAA,eAAAA,EAAAA;AAAAA,KADIA;AAECA,IAAAA,MAAAA,EAAAA;AAAAA,MAAAA,YAAAA,EAAAA;AAAAA,KAFDA;AAGFE,gBAAaC;AAHXH,IADIC,CADdD;AASKI,CAVJJ",
      "names": Array [
        "
",
        " ",
        "style",
        "props",
        "/",
      ],
      "sources": Array [
        "/utopia/storyboard.js",
      ],
      "sourcesContent": Array [
        "
import * as React from 'react'
import { View, jsx } from 'utopia-api'

export var canvasMetadata = {
  scenes: [
    {
      component: 'App',
      frame: { height: 812, left: 0, width: 375, top: 0 },
      props: { layout: { top: 0, left: 0, bottom: 0, right: 0 } },
      container: { layoutSystem: 'pinSystem' },
    },
  ],
  elementMetadata: {},
}

export var App = (props) => {
  return (
    <>
      <View
        style={{ ...props.style, backgroundColor: '#FFFFFF' }}
        layout={{ layoutSystem: 'pinSystem' }}
        data-uid='aaa'
      ></View>
    </>
  )
}
",
      ],
      "version": 3,
    },
  },
}
`;

exports[`JSX parser parses back and forth as a function, with an arbitrary piece of JavaScript 1`] = `
Object {
  "combinedTopLevelArbitraryBlock": Object {
    "definedElsewhere": Array [
      "utopiaCanvasJSXLookup",
    ],
    "definedWithin": Array [
      "cakeFn",
      "otherFn",
    ],
    "elementsWithin": Object {},
    "javascript": "function cakeFn(n) {
  return n
}
function otherFn(n) {
  return n
}",
    "sourceMap": Object {
      "file": "code.tsx",
      "mappings": "AAYCA,SAASC,MAATD,CAAgBE,CAAhBF,EAAmBG;AACjBC,SAAOF,CAAPE;AACDC;;AACDL,SAASM,OAATN,CAAiBE,CAAjBF,EAAoBG;AAClBC,SAAOF,CAAPE;AACFG",
      "names": Array [
        "function",
        "cakeFn",
        "n",
        "{",
        "return",
        "
",
        "otherFn",
        "}",
      ],
      "sources": Array [
        "code.tsx",
      ],
      "sourcesContent": Array [
        "import { cake } from 'cake'
import * as React from 'react'
import {
  UtopiaUtils,
  Ellipse,
  Image,
  Rectangle,
  Storyboard,
  Text,
  View,
  Scene,
} from 'utopia-api'
function cakeFn(n) {
  return n
}
function otherFn(n) {
  return n
}
export var whatever = (props) => {
  return (
    <View data-uid='aaa'>
      <cake
        data-uid='aab'
        left={cakeFn(otherFn('b') + 2)}
      />
    </View>
  )
}
",
      ],
      "version": 3,
    },
    "transpiledJavascript": "function cakeFn(n) {
  return n;
}

function otherFn(n) {
  return n;
}
return { cakeFn: cakeFn, otherFn: otherFn };",
    "type": "ARBITRARY_JS_BLOCK",
    "uid": "",
  },
  "exportsDetail": Array [
    Object {
      "functionName": "whatever",
      "type": "EXPORT_FUNCTION",
    },
  ],
  "highlightBounds": Object {
    "067": Object {
      "endCol": 1,
      "endLine": 17,
      "startCol": 0,
      "startLine": 15,
      "uid": "067",
    },
    "58a": Object {
      "endCol": 38,
      "endLine": 23,
      "startCol": 14,
      "startLine": 23,
      "uid": "58a",
    },
    "6e3": Object {
      "endCol": 24,
      "endLine": 20,
      "startCol": 19,
      "startLine": 20,
      "uid": "6e3",
    },
    "aaa": Object {
      "endCol": 11,
      "endLine": 25,
      "startCol": 4,
      "startLine": 20,
      "uid": "aaa",
    },
    "aab": Object {
      "endCol": 8,
      "endLine": 24,
      "startCol": 6,
      "startLine": 21,
      "uid": "aab",
    },
    "c5d": Object {
      "endCol": 1,
      "endLine": 14,
      "startCol": 0,
      "startLine": 12,
      "uid": "c5d",
    },
    "feb": Object {
      "endCol": 22,
      "endLine": 22,
      "startCol": 17,
      "startLine": 22,
      "uid": "feb",
    },
  },
  "imports": Object {
    "cake": Object {
      "importedAs": null,
      "importedFromWithin": Array [
        Object {
          "alias": "cake",
          "name": "cake",
        },
      ],
      "importedWithName": null,
    },
    "react": Object {
      "importedAs": "React",
      "importedFromWithin": Array [],
      "importedWithName": null,
    },
    "utopia-api": Object {
      "importedAs": null,
      "importedFromWithin": Array [
        Object {
          "alias": "UtopiaUtils",
          "name": "UtopiaUtils",
        },
        Object {
          "alias": "Ellipse",
          "name": "Ellipse",
        },
        Object {
          "alias": "Image",
          "name": "Image",
        },
        Object {
          "alias": "Rectangle",
          "name": "Rectangle",
        },
        Object {
          "alias": "Storyboard",
          "name": "Storyboard",
        },
        Object {
          "alias": "Text",
          "name": "Text",
        },
        Object {
          "alias": "View",
          "name": "View",
        },
        Object {
          "alias": "Scene",
          "name": "Scene",
        },
      ],
      "importedWithName": null,
    },
  },
  "jsxFactoryFunction": null,
  "topLevelElements": Array [
    Object {
      "importStarAs": false,
      "importWithName": false,
      "imports": Array [
        "cake",
      ],
      "module": "cake",
      "rawCode": "import { cake } from 'cake'",
      "type": "IMPORT_STATEMENT",
    },
    Object {
      "rawCode": "
",
      "type": "UNPARSED_CODE",
    },
    Object {
      "importStarAs": true,
      "importWithName": false,
      "imports": Array [],
      "module": "react",
      "rawCode": "import * as React from 'react'",
      "type": "IMPORT_STATEMENT",
    },
    Object {
      "rawCode": "
",
      "type": "UNPARSED_CODE",
    },
    Object {
      "importStarAs": false,
      "importWithName": false,
      "imports": Array [
        "UtopiaUtils",
        "Ellipse",
        "Image",
        "Rectangle",
        "Storyboard",
        "Text",
        "View",
        "Scene",
      ],
      "module": "utopia-api",
      "rawCode": "import {
  UtopiaUtils,
  Ellipse,
  Image,
  Rectangle,
  Storyboard,
  Text,
  View,
  Scene,
} from 'utopia-api'",
      "type": "IMPORT_STATEMENT",
    },
    Object {
      "rawCode": "
",
      "type": "UNPARSED_CODE",
    },
    Object {
      "definedElsewhere": Array [
        "utopiaCanvasJSXLookup",
      ],
      "definedWithin": Array [
        "cakeFn",
      ],
      "elementsWithin": Object {},
      "javascript": "function cakeFn(n) {
  return n
}",
      "sourceMap": Object {
        "file": "code.tsx",
        "mappings": "AAYCA,SAASC,MAATD,CAAgBE,CAAhBF,EAAmBG;AACjBC,SAAOF,CAAPE;AACFC",
        "names": Array [
          "function",
          "cakeFn",
          "n",
          "{",
          "return",
          "}",
        ],
        "sources": Array [
          "code.tsx",
        ],
        "sourcesContent": Array [
          "import { cake } from 'cake'
import * as React from 'react'
import {
  UtopiaUtils,
  Ellipse,
  Image,
  Rectangle,
  Storyboard,
  Text,
  View,
  Scene,
} from 'utopia-api'
function cakeFn(n) {
  return n
}
function otherFn(n) {
  return n
}
export var whatever = (props) => {
  return (
    <View data-uid='aaa'>
      <cake
        data-uid='aab'
        left={cakeFn(otherFn('b') + 2)}
      />
    </View>
  )
}
",
        ],
        "version": 3,
      },
      "transpiledJavascript": "function cakeFn(n) {
  return n;
}
return { cakeFn: cakeFn };",
      "type": "ARBITRARY_JS_BLOCK",
      "uid": "",
    },
    Object {
      "rawCode": "
",
      "type": "UNPARSED_CODE",
    },
    Object {
      "definedElsewhere": Array [
        "utopiaCanvasJSXLookup",
      ],
      "definedWithin": Array [
        "otherFn",
      ],
      "elementsWithin": Object {},
      "javascript": "function otherFn(n) {
  return n
}",
      "sourceMap": Object {
        "file": "code.tsx",
        "mappings": "AAeCA,SAASC,OAATD,CAAiBE,CAAjBF,EAAoBG;AAClBC,SAAOF,CAAPE;AACFC",
        "names": Array [
          "function",
          "otherFn",
          "n",
          "{",
          "return",
          "}",
        ],
        "sources": Array [
          "code.tsx",
        ],
        "sourcesContent": Array [
          "import { cake } from 'cake'
import * as React from 'react'
import {
  UtopiaUtils,
  Ellipse,
  Image,
  Rectangle,
  Storyboard,
  Text,
  View,
  Scene,
} from 'utopia-api'
function cakeFn(n) {
  return n
}
function otherFn(n) {
  return n
}
export var whatever = (props) => {
  return (
    <View data-uid='aaa'>
      <cake
        data-uid='aab'
        left={cakeFn(otherFn('b') + 2)}
      />
    </View>
  )
}
",
        ],
        "version": 3,
      },
      "transpiledJavascript": "function otherFn(n) {
  return n;
}
return { otherFn: otherFn };",
      "type": "ARBITRARY_JS_BLOCK",
      "uid": "",
    },
    Object {
      "rawCode": "
",
      "type": "UNPARSED_CODE",
    },
    Object {
      "arbitraryJSBlock": null,
      "blockOrExpression": "block",
      "declarationSyntax": "var",
      "isFunction": true,
      "name": "whatever",
      "param": Object {
        "boundParam": Object {
          "defaultExpression": null,
          "paramName": "props",
          "type": "REGULAR_PARAM",
        },
        "dotDotDotToken": false,
        "type": "PARAM",
      },
      "propsUsed": Array [],
      "returnStatementComments": Object {
        "leadingComments": Array [],
        "trailingComments": Array [],
      },
      "rootElement": Object {
        "children": Array [
          Object {
            "children": Array [],
            "name": Object {
              "baseVariable": "cake",
              "propertyPath": Object {
                "propertyElements": Array [],
              },
            },
            "props": Array [
              Object {
                "comments": Object {
                  "leadingComments": Array [],
                  "trailingComments": Array [],
                },
                "key": "data-uid",
                "type": "JSX_ATTRIBUTES_ENTRY",
                "value": Object {
                  "comments": Object {
                    "leadingComments": Array [],
                    "trailingComments": Array [],
                  },
                  "type": "ATTRIBUTE_VALUE",
                  "uid": "",
                  "value": "aab",
                },
              },
              Object {
                "comments": Object {
                  "leadingComments": Array [],
                  "trailingComments": Array [],
                },
                "key": "left",
                "type": "JSX_ATTRIBUTES_ENTRY",
                "value": Object {
                  "definedElsewhere": Array [
                    "cakeFn",
                    "otherFn",
                  ],
                  "elementsWithin": Object {},
                  "javascript": "cakeFn(otherFn('b') + 2)",
                  "originalJavascript": "cakeFn(otherFn('b') + 2)",
                  "sourceMap": Object {
                    "file": "code.tsx",
                    "mappings": "OAuBeA,MAAOC,QAAQC,CAACC,GAADD,CAARD,GAAgBG,CAAhBH,CAAPD",
                    "names": Array [
                      "cakeFn",
                      "otherFn",
                      "'",
                      "b",
                      ")",
                    ],
                    "sources": Array [
                      "code.tsx",
                    ],
                    "sourcesContent": Array [
                      "import { cake } from 'cake'
import * as React from 'react'
import {
  UtopiaUtils,
  Ellipse,
  Image,
  Rectangle,
  Storyboard,
  Text,
  View,
  Scene,
} from 'utopia-api'
function cakeFn(n) {
  return n
}
function otherFn(n) {
  return n
}
export var whatever = (props) => {
  return (
    <View data-uid='aaa'>
      <cake
        data-uid='aab'
        left={cakeFn(otherFn('b') + 2)}
      />
    </View>
  )
}
",
                    ],
                    "version": 3,
                  },
                  "transpiledJavascript": "return cakeFn(otherFn('b') + 2);",
                  "type": "ATTRIBUTE_OTHER_JAVASCRIPT",
                  "uid": "",
                },
              },
            ],
            "type": "JSX_ELEMENT",
            "uid": "",
          },
        ],
        "name": Object {
          "baseVariable": "View",
          "propertyPath": Object {
            "propertyElements": Array [],
          },
        },
        "props": Array [
          Object {
            "comments": Object {
              "leadingComments": Array [],
              "trailingComments": Array [],
            },
            "key": "data-uid",
            "type": "JSX_ATTRIBUTES_ENTRY",
            "value": Object {
              "comments": Object {
                "leadingComments": Array [],
                "trailingComments": Array [],
              },
              "type": "ATTRIBUTE_VALUE",
              "uid": "",
              "value": "aaa",
            },
          },
        ],
        "type": "JSX_ELEMENT",
        "uid": "",
      },
      "type": "UTOPIA_JSX_COMPONENT",
      "usedInReactDOMRender": false,
    },
    Object {
      "rawCode": "
",
      "type": "UNPARSED_CODE",
    },
  ],
  "type": "PARSE_SUCCESS",
}
`;

exports[`JSX parser parses fine with a circular dependency. 1`] = `
Object {
  "combinedTopLevelArbitraryBlock": null,
  "exportsDetail": Array [
    Object {
      "functionName": "whatever",
      "type": "EXPORT_FUNCTION",
    },
  ],
  "highlightBounds": Object {
    "1ae": Object {
      "endCol": 22,
      "endLine": 6,
      "startCol": 17,
      "startLine": 6,
      "uid": "1ae",
    },
    "20b": Object {
      "endCol": 26,
      "endLine": 4,
      "startCol": 25,
      "startLine": 4,
      "uid": "20b",
    },
    "3c4": Object {
      "endCol": 22,
      "endLine": 4,
      "startCol": 17,
      "startLine": 4,
      "uid": "3c4",
    },
    "3f8": Object {
      "endCol": 26,
      "endLine": 6,
      "startCol": 25,
      "startLine": 6,
      "uid": "3f8",
    },
    "5fd": Object {
      "endCol": 34,
      "endLine": 6,
      "startCol": 17,
      "startLine": 6,
      "uid": "5fd",
    },
    "690": Object {
      "endCol": 34,
      "endLine": 6,
      "startCol": 29,
      "startLine": 6,
      "uid": "690",
    },
    "6e3": Object {
      "endCol": 53,
      "endLine": 5,
      "startCol": 48,
      "startLine": 5,
      "uid": "6e3",
    },
    "aaa": Object {
      "endCol": 56,
      "endLine": 5,
      "startCol": 33,
      "startLine": 5,
      "uid": "aaa",
    },
    "c15": Object {
      "endCol": 34,
      "endLine": 4,
      "startCol": 29,
      "startLine": 4,
      "uid": "c15",
    },
    "d03": Object {
      "endCol": 34,
      "endLine": 4,
      "startCol": 17,
      "startLine": 4,
      "uid": "d03",
    },
  },
  "imports": Object {
    "react": Object {
      "importedAs": "React",
      "importedFromWithin": Array [],
      "importedWithName": null,
    },
    "utopia-api": Object {
      "importedAs": null,
      "importedFromWithin": Array [
        Object {
          "alias": "View",
          "name": "View",
        },
      ],
      "importedWithName": null,
    },
  },
  "jsxFactoryFunction": null,
  "topLevelElements": Array [
    Object {
      "importStarAs": true,
      "importWithName": false,
      "imports": Array [],
      "module": "react",
      "rawCode": "import * as React from \\"react\\";",
      "type": "IMPORT_STATEMENT",
    },
    Object {
      "rawCode": "
",
      "type": "UNPARSED_CODE",
    },
    Object {
      "importStarAs": false,
      "importWithName": false,
      "imports": Array [
        "View",
      ],
      "module": "utopia-api",
      "rawCode": "import {
  View
} from \\"utopia-api\\";",
      "type": "IMPORT_STATEMENT",
    },
    Object {
      "rawCode": "
",
      "type": "UNPARSED_CODE",
    },
    Object {
      "arbitraryJSBlock": null,
      "blockOrExpression": "expression",
      "declarationSyntax": "const",
      "isFunction": true,
      "name": "a",
      "param": Object {
        "boundParam": Object {
          "defaultExpression": null,
          "paramName": "n",
          "type": "REGULAR_PARAM",
        },
        "dotDotDotToken": false,
        "type": "PARAM",
      },
      "propsUsed": Array [],
      "returnStatementComments": Object {
        "leadingComments": Array [],
        "trailingComments": Array [],
      },
      "rootElement": Object {
        "comments": Object {
          "leadingComments": Array [],
          "questionTokenComments": Object {
            "leadingComments": Array [],
            "trailingComments": Array [],
          },
          "trailingComments": Array [],
        },
        "condition": Object {
          "definedElsewhere": Array [
            "n",
          ],
          "elementsWithin": Object {},
          "javascript": "n > 0",
          "originalJavascript": "n > 0",
          "sourceMap": Object {
            "file": "code.tsx",
            "mappings": "OAImBA,CAACC,GAAEC,CAAJC",
            "names": Array [
              " ",
              ">",
              "0",
              "n",
            ],
            "sources": Array [
              "code.tsx",
            ],
            "sourcesContent": Array [
              "import * as React from \\"react\\";
import {
  View
} from \\"utopia-api\\";
const a = (n) => n > 0 ? n : b(10)
export var whatever = (props) => <View data-uid='aaa' />
const b = (n) => n > 0 ? n : a(10)
",
            ],
            "version": 3,
          },
          "transpiledJavascript": "return n > 0;",
          "type": "ATTRIBUTE_OTHER_JAVASCRIPT",
          "uid": "",
        },
        "originalConditionString": "n > 0",
        "type": "JSX_CONDITIONAL_EXPRESSION",
        "uid": "",
        "whenFalse": Object {
          "definedElsewhere": Array [
            "b",
          ],
          "elementsWithin": Object {},
          "javascript": "b(10)",
          "originalJavascript": "b(10)",
          "sourceMap": Object {
            "file": "code.tsx",
            "mappings": "OAI+BA,CAACC,IAAFC",
            "names": Array [
              "(",
              "10",
              "b",
            ],
            "sources": Array [
              "code.tsx",
            ],
            "sourcesContent": Array [
              "import * as React from \\"react\\";
import {
  View
} from \\"utopia-api\\";
const a = (n) => n > 0 ? n : b(10)
export var whatever = (props) => <View data-uid='aaa' />
const b = (n) => n > 0 ? n : a(10)
",
            ],
            "version": 3,
          },
          "transpiledJavascript": "return b(10);",
          "type": "ATTRIBUTE_OTHER_JAVASCRIPT",
          "uid": "",
        },
        "whenTrue": Object {
          "definedElsewhere": Array [
            "n",
          ],
          "elementsWithin": Object {},
          "javascript": "n",
          "originalJavascript": "n",
          "sourceMap": Object {
            "file": "code.tsx",
            "mappings": "OAI0BA",
            "names": Array [
              "n",
            ],
            "sources": Array [
              "code.tsx",
            ],
            "sourcesContent": Array [
              "import * as React from \\"react\\";
import {
  View
} from \\"utopia-api\\";
const a = (n) => n > 0 ? n : b(10)
export var whatever = (props) => <View data-uid='aaa' />
const b = (n) => n > 0 ? n : a(10)
",
            ],
            "version": 3,
          },
          "transpiledJavascript": "return n;",
          "type": "ATTRIBUTE_OTHER_JAVASCRIPT",
          "uid": "",
        },
      },
      "type": "UTOPIA_JSX_COMPONENT",
      "usedInReactDOMRender": false,
    },
    Object {
      "rawCode": "
",
      "type": "UNPARSED_CODE",
    },
    Object {
      "arbitraryJSBlock": null,
      "blockOrExpression": "expression",
      "declarationSyntax": "var",
      "isFunction": true,
      "name": "whatever",
      "param": Object {
        "boundParam": Object {
          "defaultExpression": null,
          "paramName": "props",
          "type": "REGULAR_PARAM",
        },
        "dotDotDotToken": false,
        "type": "PARAM",
      },
      "propsUsed": Array [],
      "returnStatementComments": Object {
        "leadingComments": Array [],
        "trailingComments": Array [],
      },
      "rootElement": Object {
        "children": Array [],
        "name": Object {
          "baseVariable": "View",
          "propertyPath": Object {
            "propertyElements": Array [],
          },
        },
        "props": Array [
          Object {
            "comments": Object {
              "leadingComments": Array [],
              "trailingComments": Array [],
            },
            "key": "data-uid",
            "type": "JSX_ATTRIBUTES_ENTRY",
            "value": Object {
              "comments": Object {
                "leadingComments": Array [],
                "trailingComments": Array [],
              },
              "type": "ATTRIBUTE_VALUE",
              "uid": "",
              "value": "aaa",
            },
          },
        ],
        "type": "JSX_ELEMENT",
        "uid": "",
      },
      "type": "UTOPIA_JSX_COMPONENT",
      "usedInReactDOMRender": false,
    },
    Object {
      "rawCode": "
",
      "type": "UNPARSED_CODE",
    },
    Object {
      "arbitraryJSBlock": null,
      "blockOrExpression": "expression",
      "declarationSyntax": "const",
      "isFunction": true,
      "name": "b",
      "param": Object {
        "boundParam": Object {
          "defaultExpression": null,
          "paramName": "n",
          "type": "REGULAR_PARAM",
        },
        "dotDotDotToken": false,
        "type": "PARAM",
      },
      "propsUsed": Array [],
      "returnStatementComments": Object {
        "leadingComments": Array [],
        "trailingComments": Array [],
      },
      "rootElement": Object {
        "comments": Object {
          "leadingComments": Array [],
          "questionTokenComments": Object {
            "leadingComments": Array [],
            "trailingComments": Array [],
          },
          "trailingComments": Array [],
        },
        "condition": Object {
          "definedElsewhere": Array [
            "n",
          ],
          "elementsWithin": Object {},
          "javascript": "n > 0",
          "originalJavascript": "n > 0",
          "sourceMap": Object {
            "file": "code.tsx",
            "mappings": "OAMmBA,CAACC,GAAEC,CAAJC",
            "names": Array [
              " ",
              ">",
              "0",
              "n",
            ],
            "sources": Array [
              "code.tsx",
            ],
            "sourcesContent": Array [
              "import * as React from \\"react\\";
import {
  View
} from \\"utopia-api\\";
const a = (n) => n > 0 ? n : b(10)
export var whatever = (props) => <View data-uid='aaa' />
const b = (n) => n > 0 ? n : a(10)
",
            ],
            "version": 3,
          },
          "transpiledJavascript": "return n > 0;",
          "type": "ATTRIBUTE_OTHER_JAVASCRIPT",
          "uid": "",
        },
        "originalConditionString": "n > 0",
        "type": "JSX_CONDITIONAL_EXPRESSION",
        "uid": "",
        "whenFalse": Object {
          "definedElsewhere": Array [
            "a",
          ],
          "elementsWithin": Object {},
          "javascript": "a(10)",
          "originalJavascript": "a(10)",
          "sourceMap": Object {
            "file": "code.tsx",
            "mappings": "OAM+BA,CAACC,IAAFC",
            "names": Array [
              "(",
              "10",
              "a",
            ],
            "sources": Array [
              "code.tsx",
            ],
            "sourcesContent": Array [
              "import * as React from \\"react\\";
import {
  View
} from \\"utopia-api\\";
const a = (n) => n > 0 ? n : b(10)
export var whatever = (props) => <View data-uid='aaa' />
const b = (n) => n > 0 ? n : a(10)
",
            ],
            "version": 3,
          },
          "transpiledJavascript": "return a(10);",
          "type": "ATTRIBUTE_OTHER_JAVASCRIPT",
          "uid": "",
        },
        "whenTrue": Object {
          "definedElsewhere": Array [
            "n",
          ],
          "elementsWithin": Object {},
          "javascript": "n",
          "originalJavascript": "n",
          "sourceMap": Object {
            "file": "code.tsx",
            "mappings": "OAM0BA",
            "names": Array [
              "n",
            ],
            "sources": Array [
              "code.tsx",
            ],
            "sourcesContent": Array [
              "import * as React from \\"react\\";
import {
  View
} from \\"utopia-api\\";
const a = (n) => n > 0 ? n : b(10)
export var whatever = (props) => <View data-uid='aaa' />
const b = (n) => n > 0 ? n : a(10)
",
            ],
            "version": 3,
          },
          "transpiledJavascript": "return n;",
          "type": "ATTRIBUTE_OTHER_JAVASCRIPT",
          "uid": "",
        },
      },
      "type": "UTOPIA_JSX_COMPONENT",
      "usedInReactDOMRender": false,
    },
    Object {
      "rawCode": "
",
      "type": "UNPARSED_CODE",
    },
  ],
  "type": "PARSE_SUCCESS",
}
`;

exports[`JSX parser parses the code when it has a JSX block with an object defined inside 1`] = `
Object {
  "combinedTopLevelArbitraryBlock": Object {
    "definedElsewhere": Array [
      "utopiaCanvasJSXLookup",
    ],
    "definedWithin": Array [
      "a",
    ],
    "elementsWithin": Object {},
    "javascript": "const a = \\"cake\\"",
    "sourceMap": Object {
      "file": "code.tsx",
      "mappings": "AAWCA,IAAMC,CAACC,GAAGC,MAAVH",
      "names": Array [
        "const",
        "a",
        " ",
        "\\"",
      ],
      "sources": Array [
        "code.tsx",
      ],
      "sourcesContent": Array [
        "import * as React from \\"react\\";
import {
  UtopiaUtils,
  Ellipse,
  Image,
  Rectangle,
  Storyboard,
  Text,
  View,
  Scene
} from \\"utopia-api\\";
const a = \\"cake\\"
export var App = (props) => <View data-uid='bbb'>
  {{a: a}}
</View>
",
      ],
      "version": 3,
    },
    "transpiledJavascript": "var a = \\"cake\\";
return { a: a };",
    "type": "ARBITRARY_JS_BLOCK",
    "uid": "",
  },
  "exportsDetail": Array [
    Object {
      "functionName": "App",
      "type": "EXPORT_FUNCTION",
    },
  ],
  "highlightBounds": Object {
    "854": Object {
      "endCol": 48,
      "endLine": 12,
      "startCol": 43,
      "startLine": 12,
      "uid": "854",
    },
    "a5b": Object {
      "endCol": 16,
      "endLine": 11,
      "startCol": 0,
      "startLine": 11,
      "uid": "a5b",
    },
    "bbb": Object {
      "endCol": 7,
      "endLine": 14,
      "startCol": 28,
      "startLine": 12,
      "uid": "bbb",
    },
    "bcf": Object {
      "endCol": 9,
      "endLine": 13,
      "startCol": 3,
      "startLine": 13,
      "uid": "bcf",
    },
  },
  "imports": Object {
    "react": Object {
      "importedAs": "React",
      "importedFromWithin": Array [],
      "importedWithName": null,
    },
    "utopia-api": Object {
      "importedAs": null,
      "importedFromWithin": Array [
        Object {
          "alias": "UtopiaUtils",
          "name": "UtopiaUtils",
        },
        Object {
          "alias": "Ellipse",
          "name": "Ellipse",
        },
        Object {
          "alias": "Image",
          "name": "Image",
        },
        Object {
          "alias": "Rectangle",
          "name": "Rectangle",
        },
        Object {
          "alias": "Storyboard",
          "name": "Storyboard",
        },
        Object {
          "alias": "Text",
          "name": "Text",
        },
        Object {
          "alias": "View",
          "name": "View",
        },
        Object {
          "alias": "Scene",
          "name": "Scene",
        },
      ],
      "importedWithName": null,
    },
  },
  "jsxFactoryFunction": null,
  "topLevelElements": Array [
    Object {
      "importStarAs": true,
      "importWithName": false,
      "imports": Array [],
      "module": "react",
      "rawCode": "import * as React from \\"react\\";",
      "type": "IMPORT_STATEMENT",
    },
    Object {
      "rawCode": "
",
      "type": "UNPARSED_CODE",
    },
    Object {
      "importStarAs": false,
      "importWithName": false,
      "imports": Array [
        "UtopiaUtils",
        "Ellipse",
        "Image",
        "Rectangle",
        "Storyboard",
        "Text",
        "View",
        "Scene",
      ],
      "module": "utopia-api",
      "rawCode": "import {
  UtopiaUtils,
  Ellipse,
  Image,
  Rectangle,
  Storyboard,
  Text,
  View,
  Scene
} from \\"utopia-api\\";",
      "type": "IMPORT_STATEMENT",
    },
    Object {
      "rawCode": "
",
      "type": "UNPARSED_CODE",
    },
    Object {
      "definedElsewhere": Array [
        "utopiaCanvasJSXLookup",
      ],
      "definedWithin": Array [
        "a",
      ],
      "elementsWithin": Object {},
      "javascript": "const a = \\"cake\\"",
      "sourceMap": Object {
        "file": "code.tsx",
        "mappings": "AAWCA,IAAMC,CAACC,GAAGC,MAAVH",
        "names": Array [
          "const",
          "a",
          " ",
          "\\"",
        ],
        "sources": Array [
          "code.tsx",
        ],
        "sourcesContent": Array [
          "import * as React from \\"react\\";
import {
  UtopiaUtils,
  Ellipse,
  Image,
  Rectangle,
  Storyboard,
  Text,
  View,
  Scene
} from \\"utopia-api\\";
const a = \\"cake\\"
export var App = (props) => <View data-uid='bbb'>
  {{a: a}}
</View>
",
        ],
        "version": 3,
      },
      "transpiledJavascript": "var a = \\"cake\\";
return { a: a };",
      "type": "ARBITRARY_JS_BLOCK",
      "uid": "",
    },
    Object {
      "rawCode": "
",
      "type": "UNPARSED_CODE",
    },
    Object {
      "arbitraryJSBlock": null,
      "blockOrExpression": "expression",
      "declarationSyntax": "var",
      "isFunction": true,
      "name": "App",
      "param": Object {
        "boundParam": Object {
          "defaultExpression": null,
          "paramName": "props",
          "type": "REGULAR_PARAM",
        },
        "dotDotDotToken": false,
        "type": "PARAM",
      },
      "propsUsed": Array [],
      "returnStatementComments": Object {
        "leadingComments": Array [],
        "trailingComments": Array [],
      },
      "rootElement": Object {
        "children": Array [
          Object {
            "definedElsewhere": Array [],
            "elementsWithin": Object {},
            "javascript": "({ a: a });",
            "originalJavascript": "{a: a}",
            "sourceMap": Object {
              "file": "code.tsx",
              "mappings": "OAAA,CAAC;AAAE,KAAH;AAAC,CAAD",
              "names": Array [],
              "sources": Array [
                "code.tsx",
              ],
              "sourcesContent": Array [
                "import * as React from \\"react\\";
import {
  UtopiaUtils,
  Ellipse,
  Image,
  Rectangle,
  Storyboard,
  Text,
  View,
  Scene
} from \\"utopia-api\\";
const a = \\"cake\\"
export var App = (props) => <View data-uid='bbb'>
  {{a: a}}
</View>
",
              ],
              "version": 3,
            },
            "transpiledJavascript": "return ({
  a: a
});",
            "type": "ATTRIBUTE_OTHER_JAVASCRIPT",
            "uid": "",
          },
        ],
        "name": Object {
          "baseVariable": "View",
          "propertyPath": Object {
            "propertyElements": Array [],
          },
        },
        "props": Array [
          Object {
            "comments": Object {
              "leadingComments": Array [],
              "trailingComments": Array [],
            },
            "key": "data-uid",
            "type": "JSX_ATTRIBUTES_ENTRY",
            "value": Object {
              "comments": Object {
                "leadingComments": Array [],
                "trailingComments": Array [],
              },
              "type": "ATTRIBUTE_VALUE",
              "uid": "",
              "value": "bbb",
            },
          },
        ],
        "type": "JSX_ELEMENT",
        "uid": "",
      },
      "type": "UTOPIA_JSX_COMPONENT",
      "usedInReactDOMRender": false,
    },
    Object {
      "rawCode": "
",
      "type": "UNPARSED_CODE",
    },
  ],
  "type": "PARSE_SUCCESS",
}
`;

exports[`lintAndParse returns a syntax error from eslint when something is broken 1`] = `
Object {
  "diagnostics": null,
  "errorMessage": null,
  "errorMessages": Array [
    Object {
      "codeSnippet": "  16 |       return (
  17 |         <View
> 18 |           style={{ backgroundColor: \\"darkgrey\\", position: \\"absolute\\" }, ...hello}
     |                                                                         ^
  19 |         >
  20 |         </View>
  21 |       )",
      "endColumn": undefined,
      "endLine": undefined,
      "errorCode": null,
      "fileName": "test.js",
      "message": "Parsing error: Unexpected token",
      "passTime": 12345678,
      "severity": "fatal",
      "source": "eslint",
      "startColumn": 73,
      "startLine": 18,
      "type": "fatal",
    },
  ],
  "parsedJSONFailure": null,
  "type": "PARSE_FAILURE",
}
`;
