// Jest Snapshot v1, https://goo.gl/fbAQLP

exports[`JSX parser circularly referenced arbitrary blocks parse and produce a combined block 1`] = `
Object {
  "combinedTopLevelArbitraryBlock": Object {
    "definedElsewhere": Array [
      "utopiaCanvasJSXLookup",
      "utopiaCanvasBlockRanToEnd",
      "utopiaCanvasEarlyReturnResult",
      "utopiaCanvasEarlyReturnVoid",
    ],
    "definedWithin": Array [
      "a",
      "b",
    ],
    "elementsWithin": Object {},
    "javascript": "function a(n) {
  if (n <= 0) {
    return 0
  } else {
    return b(n - 1)
  }
}

function b(n) {
  if (n <= 0) {
    return 0
  } else {
    return a(n - 1)
  }
}",
    "params": Array [],
    "sourceMap": Object {
      "file": "code.tsx",
      "mappings": "AAKoBA,CAAAA,MAAAA;AAEnBC,WAASC,CAATD,CAAWE,CAAXF,EAAcG;AACZC,QAAIF,CAACG,IAAIC,CAATF,EAAYD;AACVI,aAAOD,CAAPC;AACDF,KAFDD,MAEOD;AACLI,aAAOC,CAACC,CAACP,CAACG,GAAGK,CAALD,CAARF;AACDR;AAWFA;;AAEDC,WAASQ,CAATR,CAAWE,CAAXF,EAAcG;AACZC,QAAIF,CAACG,IAAIC,CAATF,EAAYD;AACVI,aAAOD,CAAPC;AACDF,KAFDD,MAEOD;AACLI,aAAON,CAACQ,CAACP,CAACG,GAAGK,CAALD,CAARF;AACDR;AACHY;;AA1BmBZ;AAAAA;AAAAA;AAAAA;AA0BnBY,CA1BmBZ",
      "names": Array [
        "
",
        "function",
        "a",
        "n",
        "{",
        "if",
        " ",
        "0",
        "return",
        "b",
        "(",
        "1",
        "}",
      ],
      "sources": Array [
        "code.tsx",
      ],
      "sourcesContent": Array [
        "
import * as React from 'react'
import Utopia, {
  Scene,
  Storyboard,
} from 'utopia-api'

function a(n) {
  if (n <= 0) {
    return 0
  } else {
    return b(n - 1)
  }
}

export var App = (props) => {
  return (
    <div
      data-uid='aaa'
      style={{ width: '100%', height: '100%', backgroundColor: '#FFFFFF' }}
      layout={{ layoutSystem: 'pinSystem' }}
    >{b(5)} - {a(5)}</div>
  )
}

function b(n) {
  if (n <= 0) {
    return 0
  } else {
    return a(n - 1)
  }
}

export var storyboard = (
  <Storyboard data-uid='bbb' layout={{ layoutSystem: 'pinSystem' }}>
    <Scene
      data-uid='ccc'
      style={{ position: 'absolute', left: 0, top: 0, width: 375, height: 812 }}
    >
      <App data-uid='app' />
    </Scene>
  </Storyboard>
)",
      ],
      "version": 3,
    },
    "statements": Array [
      Object {
        "definedElsewhere": Array [
          "b",
        ],
        "definedWithin": Array [
          "a",
        ],
        "originalJavascript": "

function a(n) {
  if (n <= 0) {
    return 0
  } else {
    return b(n - 1)
  }
}",
        "type": "JS_OPAQUE_ARBITRARY_STATEMENT",
        "uid": "",
      },
      Object {
        "definedElsewhere": Array [
          "a",
        ],
        "definedWithin": Array [
          "b",
        ],
        "originalJavascript": "

function b(n) {
  if (n <= 0) {
    return 0
  } else {
    return a(n - 1)
  }
}",
        "type": "JS_OPAQUE_ARBITRARY_STATEMENT",
        "uid": "",
      },
    ],
    "transpiledJavascript": "return (() => {
  function a(n) {
    if (n <= 0) {
      return 0;
    } else {
      return b(n - 1);
    }
  }

  function b(n) {
    if (n <= 0) {
      return 0;
    } else {
      return a(n - 1);
    }
  }

  return utopiaCanvasBlockRanToEnd({
    a: a,
    b: b
  });
})();",
    "type": "ARBITRARY_JS_BLOCK",
    "uid": "",
  },
  "exportsDetail": Array [
    Object {
      "functionName": "App",
      "type": "EXPORT_FUNCTION",
    },
    Object {
      "functionName": "storyboard",
      "type": "EXPORT_FUNCTION",
    },
  ],
  "fullHighlightBounds": Object {
    "0a3": Object {
      "endCol": 28,
      "endLine": 19,
      "startCol": 22,
      "startLine": 19,
      "uid": "0a3",
    },
    "12c": Object {
      "endCol": 66,
      "endLine": 34,
      "startCol": 37,
      "startLine": 34,
      "uid": "12c",
    },
    "138": Object {
      "endCol": 74,
      "endLine": 19,
      "startCol": 13,
      "startLine": 19,
      "uid": "138",
    },
    "207": Object {
      "endCol": 35,
      "endLine": 37,
      "startCol": 25,
      "startLine": 37,
      "uid": "207",
    },
    "356": Object {
      "endCol": 64,
      "endLine": 34,
      "startCol": 53,
      "startLine": 34,
      "uid": "356",
    },
    "375": Object {
      "endCol": 1,
      "endLine": 13,
      "startCol": 0,
      "startLine": 7,
      "uid": "375",
    },
    "377": Object {
      "endCol": 43,
      "endLine": 20,
      "startCol": 14,
      "startLine": 20,
      "uid": "377",
    },
    "4bd": Object {
      "endCol": 64,
      "endLine": 37,
      "startCol": 61,
      "startLine": 37,
      "uid": "4bd",
    },
    "4db": Object {
      "endCol": 10,
      "endLine": 21,
      "startCol": 6,
      "startLine": 21,
      "uid": "4db",
    },
    "5e7": Object {
      "endCol": 79,
      "endLine": 37,
      "startCol": 13,
      "startLine": 37,
      "uid": "5e7",
    },
    "6c3": Object {
      "endCol": 19,
      "endLine": 21,
      "startCol": 15,
      "startLine": 21,
      "uid": "6c3",
    },
    "6e3": Object {
      "endCol": 20,
      "endLine": 18,
      "startCol": 15,
      "startLine": 18,
      "uid": "6e3",
    },
    "77c": Object {
      "endCol": 20,
      "endLine": 36,
      "startCol": 15,
      "startLine": 36,
      "uid": "77c",
    },
    "78a": Object {
      "endCol": 77,
      "endLine": 37,
      "startCol": 74,
      "startLine": 37,
      "uid": "78a",
    },
    "791": Object {
      "endCol": 44,
      "endLine": 37,
      "startCol": 43,
      "startLine": 37,
      "uid": "791",
    },
    "854": Object {
      "endCol": 28,
      "endLine": 34,
      "startCol": 23,
      "startLine": 34,
      "uid": "854",
    },
    "873": Object {
      "endCol": 1,
      "endLine": 31,
      "startCol": 0,
      "startLine": 25,
      "uid": "873",
    },
    "8b3": Object {
      "endCol": 25,
      "endLine": 39,
      "startCol": 20,
      "startLine": 39,
      "uid": "8b3",
    },
    "a42": Object {
      "endCol": 44,
      "endLine": 19,
      "startCol": 38,
      "startLine": 19,
      "uid": "a42",
    },
    "aaa": Object {
      "endCol": 26,
      "endLine": 21,
      "startCol": 4,
      "startLine": 17,
      "uid": "aaa",
    },
    "ab2": Object {
      "endCol": 72,
      "endLine": 19,
      "startCol": 63,
      "startLine": 19,
      "uid": "ab2",
    },
    "app": Object {
      "endCol": 28,
      "endLine": 39,
      "startCol": 6,
      "startLine": 39,
      "uid": "app",
    },
    "bbb": Object {
      "endCol": 15,
      "endLine": 41,
      "startCol": 2,
      "startLine": 34,
      "uid": "bbb",
    },
    "bd1": Object {
      "endCol": 52,
      "endLine": 37,
      "startCol": 51,
      "startLine": 37,
      "uid": "bd1",
    },
    "ccc": Object {
      "endCol": 12,
      "endLine": 40,
      "startCol": 4,
      "startLine": 35,
      "uid": "ccc",
    },
    "d01": Object {
      "endCol": 14,
      "endLine": 21,
      "startCol": 12,
      "startLine": 21,
      "uid": "d01",
    },
    "d4f": Object {
      "endCol": 41,
      "endLine": 20,
      "startCol": 30,
      "startLine": 20,
      "uid": "d4f",
    },
  },
  "highlightBounds": Object {
    "4db": Object {
      "endCol": 10,
      "endLine": 21,
      "startCol": 6,
      "startLine": 21,
      "uid": "4db",
    },
    "6c3": Object {
      "endCol": 19,
      "endLine": 21,
      "startCol": 15,
      "startLine": 21,
      "uid": "6c3",
    },
    "aaa": Object {
      "endCol": 26,
      "endLine": 21,
      "startCol": 4,
      "startLine": 17,
      "uid": "aaa",
    },
    "app": Object {
      "endCol": 28,
      "endLine": 39,
      "startCol": 6,
      "startLine": 39,
      "uid": "app",
    },
    "bbb": Object {
      "endCol": 15,
      "endLine": 41,
      "startCol": 2,
      "startLine": 34,
      "uid": "bbb",
    },
    "ccc": Object {
      "endCol": 12,
      "endLine": 40,
      "startCol": 4,
      "startLine": 35,
      "uid": "ccc",
    },
  },
  "imports": Object {
    "react": Object {
      "importedAs": "React",
      "importedFromWithin": Array [],
      "importedWithName": null,
    },
    "utopia-api": Object {
      "importedAs": null,
      "importedFromWithin": Array [
        Object {
          "alias": "Scene",
          "name": "Scene",
        },
        Object {
          "alias": "Storyboard",
          "name": "Storyboard",
        },
      ],
      "importedWithName": "Utopia",
    },
  },
  "jsxFactoryFunction": null,
  "topLevelElements": Array [
    Object {
      "rawCode": "
",
      "type": "UNPARSED_CODE",
    },
    Object {
      "importStarAs": true,
      "importWithName": false,
      "imports": Array [],
      "module": "react",
      "rawCode": "import * as React from 'react'",
      "type": "IMPORT_STATEMENT",
    },
    Object {
      "rawCode": "
",
      "type": "UNPARSED_CODE",
    },
    Object {
      "importStarAs": false,
      "importWithName": true,
      "imports": Array [
        "Scene",
        "Storyboard",
      ],
      "module": "utopia-api",
      "rawCode": "import Utopia, {
  Scene,
  Storyboard,
} from 'utopia-api'",
      "type": "IMPORT_STATEMENT",
    },
    Object {
      "rawCode": "

",
      "type": "UNPARSED_CODE",
    },
    Object {
      "definedElsewhere": Array [
        "b",
        "utopiaCanvasJSXLookup",
        "utopiaCanvasBlockRanToEnd",
        "utopiaCanvasEarlyReturnResult",
        "utopiaCanvasEarlyReturnVoid",
      ],
      "definedWithin": Array [
        "a",
      ],
      "elementsWithin": Object {},
      "javascript": "function a(n) {
  if (n <= 0) {
    return 0
  } else {
    return b(n - 1)
  }
}",
      "params": Array [],
      "sourceMap": Object {
        "file": "code.tsx",
        "mappings": "AAOCA,CAAAA,MAAAA;AAAQC,WAAOC,CAAPD,CAAOC,CAAPD,EAAOC;AACbC,QAAIC,CAACH,IAAII,CAATF,EAAYG;AACVC,aAAOF,CAAPE;AACDN,KAFDE,MAEOG;AACLC,aAAOC,CAACC,CAACL,CAACH,GAAGS,CAALD,CAARF;AACDL;AACHS;;AANAX;AAAAA;AAAAA;AAMAW,CANAX",
        "names": Array [
          "function",
          " ",
          "
",
          "if",
          "n",
          "0",
          "{",
          "return",
          "b",
          "(",
          "1",
          "}",
        ],
        "sources": Array [
          "code.tsx",
        ],
        "sourcesContent": Array [
          "
import * as React from 'react'
import Utopia, {
  Scene,
  Storyboard,
} from 'utopia-api'

function a(n) {
  if (n <= 0) {
    return 0
  } else {
    return b(n - 1)
  }
}

export var App = (props) => {
  return (
    <div
      data-uid='aaa'
      style={{ width: '100%', height: '100%', backgroundColor: '#FFFFFF' }}
      layout={{ layoutSystem: 'pinSystem' }}
    >{b(5)} - {a(5)}</div>
  )
}

function b(n) {
  if (n <= 0) {
    return 0
  } else {
    return a(n - 1)
  }
}

export var storyboard = (
  <Storyboard data-uid='bbb' layout={{ layoutSystem: 'pinSystem' }}>
    <Scene
      data-uid='ccc'
      style={{ position: 'absolute', left: 0, top: 0, width: 375, height: 812 }}
    >
      <App data-uid='app' />
    </Scene>
  </Storyboard>
)",
        ],
        "version": 3,
      },
      "statements": Array [
        Object {
          "definedElsewhere": Array [
            "b",
          ],
          "definedWithin": Array [
            "a",
          ],
          "originalJavascript": "function a(n) {
  if (n <= 0) {
    return 0
  } else {
    return b(n - 1)
  }
}",
          "type": "JS_OPAQUE_ARBITRARY_STATEMENT",
          "uid": "",
        },
      ],
      "transpiledJavascript": "return (() => {
  function a(n) {
    if (n <= 0) {
      return 0;
    } else {
      return b(n - 1);
    }
  }

  return utopiaCanvasBlockRanToEnd({
    a: a
  });
})();",
      "type": "ARBITRARY_JS_BLOCK",
      "uid": "",
    },
    Object {
      "rawCode": "

",
      "type": "UNPARSED_CODE",
    },
    Object {
      "arbitraryJSBlock": null,
      "blockOrExpression": "block",
      "declarationSyntax": "var",
      "isFunction": true,
      "name": "App",
      "param": Object {
        "boundParam": Object {
          "defaultExpression": null,
          "paramName": "props",
          "type": "REGULAR_PARAM",
        },
        "dotDotDotToken": false,
        "type": "PARAM",
      },
      "propsUsed": Array [],
      "returnStatementComments": Object {
        "leadingComments": Array [],
        "trailingComments": Array [],
      },
      "rootElement": Object {
        "children": Array [
          Object {
            "comments": Object {
              "leadingComments": Array [],
              "trailingComments": Array [],
            },
            "definedElsewhere": Array [
              "b",
            ],
            "elementsWithin": Object {},
            "javascriptWithUIDs": "b(5);",
            "originalJavascript": "b(5)",
            "params": Array [],
            "sourceMap": Object {
              "file": "code.tsx",
              "mappings": "OAqBSA,CAACC,CAAHC,CAAGD,CAAFE",
              "names": Array [
                "5",
                ")",
                "b",
                "(",
              ],
              "sources": Array [
                "code.tsx",
              ],
              "sourcesContent": Array [
                "
import * as React from 'react'
import Utopia, {
  Scene,
  Storyboard,
} from 'utopia-api'

function a(n) {
  if (n <= 0) {
    return 0
  } else {
    return b(n - 1)
  }
}

export var App = (props) => {
  return (
    <div
      data-uid='aaa'
      style={{ width: '100%', height: '100%', backgroundColor: '#FFFFFF' }}
      layout={{ layoutSystem: 'pinSystem' }}
    >{b(5)} - {a(5)}</div>
  )
}

function b(n) {
  if (n <= 0) {
    return 0
  } else {
    return a(n - 1)
  }
}

export var storyboard = (
  <Storyboard data-uid='bbb' layout={{ layoutSystem: 'pinSystem' }}>
    <Scene
      data-uid='ccc'
      style={{ position: 'absolute', left: 0, top: 0, width: 375, height: 812 }}
    >
      <App data-uid='app' />
    </Scene>
  </Storyboard>
)",
              ],
              "version": 3,
            },
            "transpiledJavascript": "return b(5);",
            "type": "ATTRIBUTE_OTHER_JAVASCRIPT",
            "uid": "",
          },
          Object {
            "text": " - ",
            "type": "JSX_TEXT_BLOCK",
            "uid": "",
          },
          Object {
            "comments": Object {
              "leadingComments": Array [],
              "trailingComments": Array [],
            },
            "definedElsewhere": Array [
              "a",
            ],
            "elementsWithin": Object {},
            "javascriptWithUIDs": "a(5);",
            "originalJavascript": "a(5)",
            "params": Array [],
            "sourceMap": Object {
              "file": "code.tsx",
              "mappings": "OAqBkBA,CAACC,CAAHC,CAAGD,CAAFE",
              "names": Array [
                "5",
                ")",
                "a",
                "(",
              ],
              "sources": Array [
                "code.tsx",
              ],
              "sourcesContent": Array [
                "
import * as React from 'react'
import Utopia, {
  Scene,
  Storyboard,
} from 'utopia-api'

function a(n) {
  if (n <= 0) {
    return 0
  } else {
    return b(n - 1)
  }
}

export var App = (props) => {
  return (
    <div
      data-uid='aaa'
      style={{ width: '100%', height: '100%', backgroundColor: '#FFFFFF' }}
      layout={{ layoutSystem: 'pinSystem' }}
    >{b(5)} - {a(5)}</div>
  )
}

function b(n) {
  if (n <= 0) {
    return 0
  } else {
    return a(n - 1)
  }
}

export var storyboard = (
  <Storyboard data-uid='bbb' layout={{ layoutSystem: 'pinSystem' }}>
    <Scene
      data-uid='ccc'
      style={{ position: 'absolute', left: 0, top: 0, width: 375, height: 812 }}
    >
      <App data-uid='app' />
    </Scene>
  </Storyboard>
)",
              ],
              "version": 3,
            },
            "transpiledJavascript": "return a(5);",
            "type": "ATTRIBUTE_OTHER_JAVASCRIPT",
            "uid": "",
          },
        ],
        "name": Object {
          "baseVariable": "div",
          "propertyPath": Object {
            "propertyElements": Array [],
          },
        },
        "props": Array [
          Object {
            "comments": Object {
              "leadingComments": Array [],
              "trailingComments": Array [],
            },
            "key": "data-uid",
            "type": "JSX_ATTRIBUTES_ENTRY",
            "value": Object {
              "comments": Object {
                "leadingComments": Array [],
                "trailingComments": Array [],
              },
              "type": "ATTRIBUTE_VALUE",
              "uid": "",
              "value": "aaa",
            },
          },
          Object {
            "comments": Object {
              "leadingComments": Array [],
              "trailingComments": Array [],
            },
            "key": "style",
            "type": "JSX_ATTRIBUTES_ENTRY",
            "value": Object {
              "comments": Object {
                "leadingComments": Array [],
                "trailingComments": Array [],
              },
              "type": "ATTRIBUTE_VALUE",
              "uid": "",
              "value": Object {
                "backgroundColor": "#FFFFFF",
                "height": "100%",
                "width": "100%",
              },
            },
          },
          Object {
            "comments": Object {
              "leadingComments": Array [],
              "trailingComments": Array [],
            },
            "key": "layout",
            "type": "JSX_ATTRIBUTES_ENTRY",
            "value": Object {
              "comments": Object {
                "leadingComments": Array [],
                "trailingComments": Array [],
              },
              "type": "ATTRIBUTE_VALUE",
              "uid": "",
              "value": Object {
                "layoutSystem": "pinSystem",
              },
            },
          },
        ],
        "type": "JSX_ELEMENT",
        "uid": "",
      },
      "type": "UTOPIA_JSX_COMPONENT",
      "usedInReactDOMRender": false,
    },
    Object {
      "rawCode": "

",
      "type": "UNPARSED_CODE",
    },
    Object {
      "definedElsewhere": Array [
        "a",
        "utopiaCanvasJSXLookup",
        "utopiaCanvasBlockRanToEnd",
        "utopiaCanvasEarlyReturnResult",
        "utopiaCanvasEarlyReturnVoid",
      ],
      "definedWithin": Array [
        "b",
      ],
      "elementsWithin": Object {},
      "javascript": "function b(n) {
  if (n <= 0) {
    return 0
  } else {
    return a(n - 1)
  }
}",
      "params": Array [],
      "sourceMap": Object {
        "file": "code.tsx",
        "mappings": "AAyBCA,CAAAA,MAAAA;AAAQC,WAAOC,CAAPD,CAAOC,CAAPD,EAAOC;AACbC,QAAIC,CAACH,IAAII,CAATF,EAAYG;AACVC,aAAOF,CAAPE;AACDN,KAFDE,MAEOG;AACLC,aAAOC,CAACC,CAACL,CAACH,GAAGS,CAALD,CAARF;AACDL;AACHS;;AANAX;AAAAA;AAAAA;AAMAW,CANAX",
        "names": Array [
          "function",
          " ",
          "
",
          "if",
          "n",
          "0",
          "{",
          "return",
          "a",
          "(",
          "1",
          "}",
        ],
        "sources": Array [
          "code.tsx",
        ],
        "sourcesContent": Array [
          "
import * as React from 'react'
import Utopia, {
  Scene,
  Storyboard,
} from 'utopia-api'

function a(n) {
  if (n <= 0) {
    return 0
  } else {
    return b(n - 1)
  }
}

export var App = (props) => {
  return (
    <div
      data-uid='aaa'
      style={{ width: '100%', height: '100%', backgroundColor: '#FFFFFF' }}
      layout={{ layoutSystem: 'pinSystem' }}
    >{b(5)} - {a(5)}</div>
  )
}

function b(n) {
  if (n <= 0) {
    return 0
  } else {
    return a(n - 1)
  }
}

export var storyboard = (
  <Storyboard data-uid='bbb' layout={{ layoutSystem: 'pinSystem' }}>
    <Scene
      data-uid='ccc'
      style={{ position: 'absolute', left: 0, top: 0, width: 375, height: 812 }}
    >
      <App data-uid='app' />
    </Scene>
  </Storyboard>
)",
        ],
        "version": 3,
      },
      "statements": Array [
        Object {
          "definedElsewhere": Array [
            "a",
          ],
          "definedWithin": Array [
            "b",
          ],
          "originalJavascript": "function b(n) {
  if (n <= 0) {
    return 0
  } else {
    return a(n - 1)
  }
}",
          "type": "JS_OPAQUE_ARBITRARY_STATEMENT",
          "uid": "",
        },
      ],
      "transpiledJavascript": "return (() => {
  function b(n) {
    if (n <= 0) {
      return 0;
    } else {
      return a(n - 1);
    }
  }

  return utopiaCanvasBlockRanToEnd({
    b: b
  });
})();",
      "type": "ARBITRARY_JS_BLOCK",
      "uid": "",
    },
    Object {
      "rawCode": "

",
      "type": "UNPARSED_CODE",
    },
    Object {
      "arbitraryJSBlock": null,
      "blockOrExpression": "parenthesized-expression",
      "declarationSyntax": "var",
      "isFunction": false,
      "name": "storyboard",
      "param": null,
      "propsUsed": Array [],
      "returnStatementComments": Object {
        "leadingComments": Array [],
        "trailingComments": Array [],
      },
      "rootElement": Object {
        "children": Array [
          Object {
            "children": Array [
              Object {
                "children": Array [],
                "name": Object {
                  "baseVariable": "App",
                  "propertyPath": Object {
                    "propertyElements": Array [],
                  },
                },
                "props": Array [
                  Object {
                    "comments": Object {
                      "leadingComments": Array [],
                      "trailingComments": Array [],
                    },
                    "key": "data-uid",
                    "type": "JSX_ATTRIBUTES_ENTRY",
                    "value": Object {
                      "comments": Object {
                        "leadingComments": Array [],
                        "trailingComments": Array [],
                      },
                      "type": "ATTRIBUTE_VALUE",
                      "uid": "",
                      "value": "app",
                    },
                  },
                ],
                "type": "JSX_ELEMENT",
                "uid": "",
              },
            ],
            "name": Object {
              "baseVariable": "Scene",
              "propertyPath": Object {
                "propertyElements": Array [],
              },
            },
            "props": Array [
              Object {
                "comments": Object {
                  "leadingComments": Array [],
                  "trailingComments": Array [],
                },
                "key": "data-uid",
                "type": "JSX_ATTRIBUTES_ENTRY",
                "value": Object {
                  "comments": Object {
                    "leadingComments": Array [],
                    "trailingComments": Array [],
                  },
                  "type": "ATTRIBUTE_VALUE",
                  "uid": "",
                  "value": "ccc",
                },
              },
              Object {
                "comments": Object {
                  "leadingComments": Array [],
                  "trailingComments": Array [],
                },
                "key": "style",
                "type": "JSX_ATTRIBUTES_ENTRY",
                "value": Object {
                  "comments": Object {
                    "leadingComments": Array [],
                    "trailingComments": Array [],
                  },
                  "type": "ATTRIBUTE_VALUE",
                  "uid": "",
                  "value": Object {
                    "height": 812,
                    "left": 0,
                    "position": "absolute",
                    "top": 0,
                    "width": 375,
                  },
                },
              },
            ],
            "type": "JSX_ELEMENT",
            "uid": "",
          },
        ],
        "name": Object {
          "baseVariable": "Storyboard",
          "propertyPath": Object {
            "propertyElements": Array [],
          },
        },
        "props": Array [
          Object {
            "comments": Object {
              "leadingComments": Array [],
              "trailingComments": Array [],
            },
            "key": "data-uid",
            "type": "JSX_ATTRIBUTES_ENTRY",
            "value": Object {
              "comments": Object {
                "leadingComments": Array [],
                "trailingComments": Array [],
              },
              "type": "ATTRIBUTE_VALUE",
              "uid": "",
              "value": "bbb",
            },
          },
          Object {
            "comments": Object {
              "leadingComments": Array [],
              "trailingComments": Array [],
            },
            "key": "layout",
            "type": "JSX_ATTRIBUTES_ENTRY",
            "value": Object {
              "comments": Object {
                "leadingComments": Array [],
                "trailingComments": Array [],
              },
              "type": "ATTRIBUTE_VALUE",
              "uid": "",
              "value": Object {
                "layoutSystem": "pinSystem",
              },
            },
          },
        ],
        "type": "JSX_ELEMENT",
        "uid": "",
      },
      "type": "UTOPIA_JSX_COMPONENT",
      "usedInReactDOMRender": false,
    },
  ],
  "type": "PARSE_SUCCESS",
}
`;
